// Jest Snapshot v1, https://goo.gl/fbAQLP

exports[`Screen matches snapshot 1`] = `
<View
  style={
    Array [
      Object {
        "flex": 1,
        "padding": 20,
      },
      undefined,
    ]
  }
/>
`;
