// Jest Snapshot v1, https://goo.gl/fbAQLP

exports[`Loader matches snapshot 1`] = `
<View
  style={
    Object {
      "alignItems": "center",
      "bottom": 0,
      "justifyContent": "center",
      "left": 0,
      "position": "absolute",
      "right": 0,
      "top": 0,
    }
  }
>
  <ActivityIndicator />
</View>
`;
